[2026-07-25 13:38:08] [ERROR] [Parse Error] parse error | File: unknown:0 | Context: Array
(
    [errno] => 4
    [file] => C:\xampp\htdocs\Gereja-Katolik-Indonesia\app\views\maps\index.php
    [line] => 330
)

[2026-07-25 13:38:15] [ERROR] [Parse Error] parse error | File: unknown:0 | Context: Array
(
    [errno] => 4
    [file] => C:\xampp\htdocs\Gereja-Katolik-Indonesia\app\views\maps\index.php
    [line] => 330
)

[2026-07-25 13:38:16] [ERROR] [Parse Error] parse error | File: unknown:0 | Context: Array
(
    [errno] => 4
    [file] => C:\xampp\htdocs\Gereja-Katolik-Indonesia\app\views\maps\index.php
    [line] => 330
)

[2026-07-25 13:38:16] [ERROR] [Parse Error] parse error | File: unknown:0 | Context: Array
(
    [errno] => 4
    [file] => C:\xampp\htdocs\Gereja-Katolik-Indonesia\app\views\maps\index.php
    [line] => 330
)

[2026-07-25 13:38:18] [ERROR] [Parse Error] parse error | File: unknown:0 | Context: Array
(
    [errno] => 4
    [file] => C:\xampp\htdocs\Gereja-Katolik-Indonesia\app\views\maps\index.php
    [line] => 330
)

[2026-07-25 13:43:18] [ERROR] [Warning] Invalid argument supplied for foreach() | File: C:\xampp\htdocs\Gereja-Katolik-Indonesia\app\views\maps\index.php:234 | Context: Array
(
    [errno] => 2
    [file] => C:\xampp\htdocs\Gereja-Katolik-Indonesia\app\views\maps\index.php
    [line] => 234
)

[2026-07-25 13:43:30] [ERROR] [Warning] Invalid argument supplied for foreach() | File: C:\xampp\htdocs\Gereja-Katolik-Indonesia\app\views\maps\index.php:234 | Context: Array
(
    [errno] => 2
    [file] => C:\xampp\htdocs\Gereja-Katolik-Indonesia\app\views\maps\index.php
    [line] => 234
)

[2026-07-25 23:06:51] [ERROR] SQLSTATE[23000]: Integrity constraint violation: 1062 Duplicate entry 'gereja-katolik-stasi-st-yohanes-daso-somi' for key 'slug' | File: C:\xampp\htdocs\Gereja-Katolik-Indonesia\app\core\App.php:255 | Context: Array
(
    [exception_class] => PDOException
    [file] => C:\xampp\htdocs\Gereja-Katolik-Indonesia\app\core\Model.php
    [line] => 66
    [trace] => #0 C:\xampp\htdocs\Gereja-Katolik-Indonesia\app\core\Model.php(66): PDOStatement->execute(Array)
#1 C:\xampp\htdocs\Gereja-Katolik-Indonesia\app\controllers\AdminGerejaController.php(154): Model->insert(Array)
#2 C:\xampp\htdocs\Gereja-Katolik-Indonesia\app\core\App.php(238): AdminGerejaController->add()
#3 C:\xampp\htdocs\Gereja-Katolik-Indonesia\public\index.php(11): App->run(Array, Array)
#4 {main}
)

